2026-05-04 12:41:17.561: [INFO] VisibilityChanged: 0
2026-05-04 12:41:17.587: [INFO] RecordSyncInitDuration has_sync_been_enabled: 0 state: 0
2026-05-04 12:41:17.587: [INFO] RecordSyncInitDuration has_sync_been_enabled: 0 state: 0
2026-05-04 12:41:17.588: [INFO] RecordSyncInitDuration has_sync_been_enabled: 0 state: 0
2026-05-04 12:41:17.588: [INFO] RecordSyncInitDuration has_sync_been_enabled: 0 state: 0
2026-05-04 12:41:17.589: [INFO] RecordSyncInitDuration has_sync_been_enabled: 0 state: 0
2026-05-04 12:41:17.589: [INFO] RecordSyncInitDuration has_sync_been_enabled: 0 state: 0
2026-05-04 12:41:17.590: [INFO] RecordSyncInitDuration has_sync_been_enabled: 0 state: 0
2026-05-04 12:41:17.590: [INFO] RecordSyncInitDuration has_sync_been_enabled: 0 state: 0
2026-05-04 12:41:17.591: [INFO] RecordSyncInitDuration has_sync_been_enabled: 0 state: 0
2026-05-04 12:41:17.591: [INFO] RecordSyncInitDuration has_sync_been_enabled: 0 state: 0
2026-05-04 12:41:17.592: [INFO] RecordSyncInitDuration has_sync_been_enabled: 0 state: 0
2026-05-04 12:41:17.596: [INFO] BookmarkModelLoaded, ids_reassigned: 0
2026-05-04 12:41:17.596: [INFO] OnDoneLoading sync enabled: 0
2026-05-04 12:41:17.657: [INFO] RecordSyncInitDuration has_sync_been_enabled: 0 state: 0
2026-05-04 12:41:18.165: [INFO] RecordSyncInitDuration has_sync_been_enabled: 0 state: 3
2026-05-04 12:41:18.168: [INFO] Primary account changed.
2026-05-04 12:41:18.168: [INFO] OnPrimaryAccountChanged PrimaryAccountChangeEvent::Type::kSet
2026-05-04 12:41:18.170: [INFO] RecordSyncInitDuration has_sync_been_enabled: 0 state: 3
2026-05-04 12:41:18.287: [INFO] RecordSyncInitDuration has_sync_been_enabled: 0 state: 3
