{"logTime": "0504/124400", "correlationVector":"aIp5pJ6J8K+7rpKj5Meeko.1","action":"SyncServerConnectionManagerRequest", "result":"SYNC_SERVER_OK", "context":{"environment":"Prod_southeastasia_prod-s01-064-apac-southeastasia", "migrationStage":"NotStarted", "server":"akswtt00000000j"}}
{"logTime": "0504/124400", "correlationVector":"aIp5pJ6J8K+7rpKj5Meeko.2","action":"ProcessGetUpdates", "result":"Done", "context":{"dataType":"Encryption Keys", "deleted":"0", "process_failed_to_decrypt":"0", "process_pending_decryption":"0", "process_success":"1", "total":"1"}}
{"logTime": "0504/124401", "correlationVector":"k09UukEEbfGksjamT9YEXS","action":"SyncServerConnectionManagerRequest", "result":"SYNC_SERVER_OK", "context":{"environment":"", "migrationStage":"", "server":""}}
{"logTime": "0504/124401", "correlationVector":"k09UukEEbfGksjamT9YEXS.0","action":"EncryptionKeysFetcher.DownloadKeys:", "result":"Success", "context":Key count: 1, Last key timestamp: 2026-05-04T09:23:15Z}
{"logTime": "0504/124401", "correlationVector":"k09UukEEbfGksjamT9YEXS.1","action":"EncryptionKeysManager::SetEncryptionKeys:", "result":"Success", "context":Key names[1]:[cAV/p3TjPqpnixHUJlXJFUdZ+c4j7suPnLxjYC3DHyYZkWhlQB9CywJLBd/j5dy/vAiPvUcrjKbKwKkxrXKSxw==]}
{"logTime": "0504/124401", "correlationVector":"k09UukEEbfGksjamT9YEXS.2","action":"EncryptionKeysManager::SetEncryptionKeysWithTimestamps:", "result":"Success", "context":Key timestamps[1]:[2026-05-04T09:23:15Z]}
{"logTime": "0504/124401", "correlationVector":"aIp5pJ6J8K+7rpKj5Meeko","action":"Initial GetUpdates", "result":"", "context":Reason: NEW_CLIENT. cV=aIp5pJ6J8K+7rpKj5Meeko}
{"logTime": "0504/124401", "correlationVector":"aIp5pJ6J8K+7rpKj5Meeko.3","action":"GetUpdates Response", "result":"Success", "context":Received 1 update(s). cV=aIp5pJ6J8K+7rpKj5Meeko.0;server=akswtt00000000j;cloudType=Consumer;environment=Prod_southeastasia_prod-s01-064-apac-southeastasia;migrationStage=NotStarted}
{"logTime": "0504/124401", "correlationVector":"exzpDtYUo4EV4pZlOfTL+O","action":"Initial GetUpdates", "result":"", "context":Reason: NEWLY_SUPPORTED_DATATYPE. cV=exzpDtYUo4EV4pZlOfTL+O}
{"logTime": "0504/124401", "correlationVector":"exzpDtYUo4EV4pZlOfTL+O.1","action":"SyncServerConnectionManagerRequest", "result":"SYNC_SERVER_OK", "context":{"environment":"Prod_southindia_prod-s01-004-apac-southindia", "migrationStage":"NotStarted", "server":"akswtt104000004"}}
{"logTime": "0504/124401", "correlationVector":"exzpDtYUo4EV4pZlOfTL+O.2","action":"ProcessGetUpdates", "result":"Done", "context":{"dataType":"Preferences", "deleted":"0", "process_failed_to_decrypt":"0", "process_pending_decryption":"0", "process_success":"22", "total":"22"}}
{"logTime": "0504/124401", "correlationVector":"exzpDtYUo4EV4pZlOfTL+O.3","action":"ProcessGetUpdates", "result":"Done", "context":{"dataType":"Device Info", "deleted":"0", "process_failed_to_decrypt":"0", "process_pending_decryption":"0", "process_success":"2", "total":"2"}}
{"logTime": "0504/124401", "correlationVector":"exzpDtYUo4EV4pZlOfTL+O.4","action":"GetUpdates Response", "result":"Success", "context":Received 24 update(s). cV=exzpDtYUo4EV4pZlOfTL+O.0;server=akswtt104000004;cloudType=Consumer;environment=Prod_southindia_prod-s01-004-apac-southindia;migrationStage=NotStarted}
{"logTime": "0504/124401", "correlationVector":"nrvBZ2EfpwvHtrltOcLRnn","action":"Initial GetUpdates", "result":"", "context":Reason: NEWLY_SUPPORTED_DATATYPE. cV=nrvBZ2EfpwvHtrltOcLRnn}
{"logTime": "0504/124401", "correlationVector":"nrvBZ2EfpwvHtrltOcLRnn.1","action":"SyncServerConnectionManagerRequest", "result":"SYNC_SERVER_OK", "context":{"environment":"Prod_southindia_prod-s01-004-apac-southindia", "migrationStage":"NotStarted", "server":"akswtt10400000x"}}
{"logTime": "0504/124401", "correlationVector":"nrvBZ2EfpwvHtrltOcLRnn.2","action":"ProcessGetUpdates", "result":"Done", "context":{"dataType":"Bookmarks", "deleted":"0", "process_failed_to_decrypt":"0", "process_pending_decryption":"0", "process_success":"6", "total":"6"}}
{"logTime": "0504/124401", "correlationVector":"nrvBZ2EfpwvHtrltOcLRnn.3","action":"GetUpdates Response", "result":"Success", "context":Received 6 update(s). cV=nrvBZ2EfpwvHtrltOcLRnn.0;server=akswtt10400000x;cloudType=Consumer;environment=Prod_southindia_prod-s01-004-apac-southindia;migrationStage=NotStarted}
{"logTime": "0504/124401", "correlationVector":"VT9NvTYtdcke4ngzejmbTa","action":"Initial GetUpdates", "result":"", "context":Reason: NEWLY_SUPPORTED_DATATYPE. cV=VT9NvTYtdcke4ngzejmbTa}
{"logTime": "0504/124401", "correlationVector":"VT9NvTYtdcke4ngzejmbTa.1","action":"SyncServerConnectionManagerRequest", "result":"SYNC_SERVER_OK", "context":{"environment":"Prod_southindia_prod-s01-004-apac-southindia", "migrationStage":"NotStarted", "server":"akswtt10400000i"}}
{"logTime": "0504/124401", "correlationVector":"VT9NvTYtdcke4ngzejmbTa.2","action":"ProcessGetUpdates", "result":"Done", "context":{"dataType":"Autofill", "deleted":"0", "process_failed_to_decrypt":"0", "process_pending_decryption":"0", "process_success":"1", "total":"1"}}
{"logTime": "0504/124401", "correlationVector":"VT9NvTYtdcke4ngzejmbTa.3","action":"ProcessGetUpdates", "result":"Done", "context":{"dataType":"Sessions", "deleted":"0", "process_failed_to_decrypt":"0", "process_pending_decryption":"0", "process_success":"1", "total":"1"}}
{"logTime": "0504/124401", "correlationVector":"VT9NvTYtdcke4ngzejmbTa.4","action":"GetUpdates Response", "result":"Success", "context":Received 2 update(s). cV=VT9NvTYtdcke4ngzejmbTa.0;server=akswtt10400000i;cloudType=Consumer;environment=Prod_southindia_prod-s01-004-apac-southindia;migrationStage=NotStarted}
{"logTime": "0504/124401", "correlationVector":"4KsjqSbOwhny1aBkl/886E","action":"Initial GetUpdates", "result":"", "context":Reason: NEWLY_SUPPORTED_DATATYPE. cV=4KsjqSbOwhny1aBkl/886E}
{"logTime": "0504/124402", "correlationVector":"4KsjqSbOwhny1aBkl/886E.1","action":"SyncServerConnectionManagerRequest", "result":"SYNC_SERVER_OK", "context":{"environment":"Prod_southindia_prod-s01-004-apac-southindia", "migrationStage":"NotStarted", "server":"akswtt104000008"}}
{"logTime": "0504/124402", "correlationVector":"4KsjqSbOwhny1aBkl/886E.2","action":"GetUpdates Response", "result":"Success", "context":Received 0 update(s). cV=4KsjqSbOwhny1aBkl/886E.0;server=akswtt104000008;cloudType=Consumer;environment=Prod_southindia_prod-s01-004-apac-southindia;migrationStage=NotStarted}
{"logTime": "0504/124402", "correlationVector":"U2ABDvmpKL5v58Bk6BZiQ+","action":"Normal GetUpdate request", "result":"", "context":cV=U2ABDvmpKL5v58Bk6BZiQ+
Nudged types: Sessions, Device Info, User Consents
Refresh requested types: Bookmarks, Preferences, Passwords, Autofill Profiles, Autofill, Extensions, Sessions, Extension settings, History Delete Directives, Device Info, User Consents, Send Tab To Self, Web Apps, History, Saved Tab Group, WebAuthn Credentials, Collection, Edge E Drop, Edge Hub App Usage, Edge Wallet, Encryption Keys}
{"logTime": "0504/124402", "correlationVector":"U2ABDvmpKL5v58Bk6BZiQ+.1","action":"SyncServerConnectionManagerRequest", "result":"SYNC_SERVER_OK", "context":{"environment":"Prod_southindia_prod-s01-004-apac-southindia", "migrationStage":"NotStarted", "server":"akswtt104000014"}}
{"logTime": "0504/124402", "correlationVector":"U2ABDvmpKL5v58Bk6BZiQ+.2","action":"GetUpdates Response", "result":"Success", "context":Received 0 update(s). cV=U2ABDvmpKL5v58Bk6BZiQ+.0;server=akswtt104000014;cloudType=Consumer;environment=Prod_southindia_prod-s01-004-apac-southindia;migrationStage=NotStarted}
{"logTime": "0504/124402", "correlationVector":"jwcSWpwt5tWvjxOeHSgada","action":"DoCompareDataConsistency requsted types: ", "result":"Bookmarks, Preferences, Passwords, Extensions, Extension settings, History Delete Directives, Send Tab To Self, Web Apps, History, Saved Tab Group, WebAuthn Credentials, Collection, Edge E Drop, Edge Wallet, Encryption Keys"}
{"logTime": "0504/124402", "correlationVector":"jwcSWpwt5tWvjxOeHSgada.0","action":"CompareDataConsistency result: ", "result":"Compare result: Encryption Keys is consistent. local entities count is: 1 local entities hash is: BWBrK2JJipHPOEN7ITmOuP7Sd2g="}
{"logTime": "0504/124402", "correlationVector":"jwcSWpwt5tWvjxOeHSgada.1","action":"CompareDataConsistency result: ", "result":"Compare result: Bookmarks is consistent. local entities count is: 0 local entities hash is: "}
{"logTime": "0504/124402", "correlationVector":"jwcSWpwt5tWvjxOeHSgada.2","action":"CompareDataConsistency result: ", "result":"Compare result: Preferences is consistent. local entities count is: 22 local entities hash is: 42BI0/GRBjkbB4JAmu7LjK1k5Fc="}
{"logTime": "0504/124402", "correlationVector":"jwcSWpwt5tWvjxOeHSgada.3","action":"CompareDataConsistency result: ", "result":"Compare result: Extensions is consistent. local entities count is: 0 local entities hash is: "}
{"logTime": "0504/124402", "correlationVector":"jwcSWpwt5tWvjxOeHSgada.4","action":"CompareDataConsistency result: ", "result":"Compare result: Extension settings is consistent. local entities count is: 0 local entities hash is: "}
{"logTime": "0504/124402", "correlationVector":"jwcSWpwt5tWvjxOeHSgada.5","action":"CompareDataConsistency result: ", "result":"Compare result: History Delete Directives is consistent. local entities count is: 0 local entities hash is: "}
{"logTime": "0504/124402", "correlationVector":"jwcSWpwt5tWvjxOeHSgada.6","action":"CompareDataConsistency result: ", "result":"Server did not send this Send Tab To Self local entities count is: 0 local entities hash is: "}
{"logTime": "0504/124402", "correlationVector":"jwcSWpwt5tWvjxOeHSgada.7","action":"CompareDataConsistency result: ", "result":"Compare result: Web Apps is consistent. local entities count is: 0 local entities hash is: "}
{"logTime": "0504/124402", "correlationVector":"jwcSWpwt5tWvjxOeHSgada.8","action":"CompareDataConsistency result: ", "result":"Server did not send this History local entities count is: 0 local entities hash is: "}
{"logTime": "0504/124402", "correlationVector":"jwcSWpwt5tWvjxOeHSgada.9","action":"CompareDataConsistency result: ", "result":"Compare result: Saved Tab Group is consistent. local entities count is: 0 local entities hash is: "}
{"logTime": "0504/124402", "correlationVector":"jwcSWpwt5tWvjxOeHSgada.10","action":"CompareDataConsistency result: ", "result":"Server did not send this WebAuthn Credentials local entities count is: 0 local entities hash is: "}
{"logTime": "0504/124402", "correlationVector":"jwcSWpwt5tWvjxOeHSgada.11","action":"CompareDataConsistency result: ", "result":"Compare result: Collection is consistent. local entities count is: 0 local entities hash is: "}
{"logTime": "0504/124402", "correlationVector":"jwcSWpwt5tWvjxOeHSgada.12","action":"CompareDataConsistency result: ", "result":"Compare result: Edge E Drop is consistent. local entities count is: 0 local entities hash is: "}
{"logTime": "0504/124402", "correlationVector":"jwcSWpwt5tWvjxOeHSgada.13","action":"CompareDataConsistency result: ", "result":"Compare result: Edge Wallet is consistent. local entities count is: 0 local entities hash is: "}
{"logTime": "0504/124402", "correlationVector":"jwcSWpwt5tWvjxOeHSgada.14","action":"CompareDataConsistency result: ", "result":"Compare result: Passwords is consistent. local entities count is: 0 local entities hash is: "}
{"logTime": "0504/124402", "correlationVector":"MDSTqJweexcbxWW4v/Tgm2","action":"Commit Request", "result":"", "context":Item count: 3
Contributing types: Sessions, Device Info, User Consents}
{"logTime": "0504/124402", "correlationVector":"MDSTqJweexcbxWW4v/Tgm2.1","action":"SyncServerConnectionManagerRequest", "result":"SYNC_SERVER_OK", "context":{"environment":"Prod_southindia_prod-s01-004-apac-southindia", "migrationStage":"NotStarted", "server":"akswtt10400000v"}}
{"logTime": "0504/124402", "correlationVector":"MDSTqJweexcbxWW4v/Tgm2.2","action":"Commit Response", "result":"Success", "context":Result: Success. cV=MDSTqJweexcbxWW4v/Tgm2.0;server=akswtt10400000v;cloudType=Consumer;environment=Prod_southindia_prod-s01-004-apac-southindia;migrationStage=NotStarted}
{"logTime": "0504/124402", "correlationVector":"","action":"DIAGNOSTIC_REQUEST|v1/diagnosticData/Diagnostic.SendCheckResult()|SUCCESS", "result":""}
