2026-05-04 12:42:47.032: [INFO] VisibilityChanged: 0
2026-05-04 12:42:47.048: [INFO] RecordSyncInitDuration has_sync_been_enabled: 0 state: 0
2026-05-04 12:42:47.049: [INFO] RecordSyncInitDuration has_sync_been_enabled: 0 state: 0
2026-05-04 12:42:47.049: [INFO] RecordSyncInitDuration has_sync_been_enabled: 0 state: 0
2026-05-04 12:42:47.050: [INFO] RecordSyncInitDuration has_sync_been_enabled: 0 state: 0
2026-05-04 12:42:47.051: [INFO] RecordSyncInitDuration has_sync_been_enabled: 0 state: 0
2026-05-04 12:42:47.051: [INFO] RecordSyncInitDuration has_sync_been_enabled: 0 state: 0
2026-05-04 12:42:47.052: [INFO] RecordSyncInitDuration has_sync_been_enabled: 0 state: 0
2026-05-04 12:42:47.052: [INFO] RecordSyncInitDuration has_sync_been_enabled: 0 state: 0
2026-05-04 12:42:47.053: [INFO] RecordSyncInitDuration has_sync_been_enabled: 0 state: 0
2026-05-04 12:42:47.053: [INFO] RecordSyncInitDuration has_sync_been_enabled: 0 state: 0
2026-05-04 12:42:47.054: [INFO] RecordSyncInitDuration has_sync_been_enabled: 0 state: 0
2026-05-04 12:42:47.057: [INFO] BookmarkModelLoaded, ids_reassigned: 0
2026-05-04 12:42:47.057: [INFO] OnDoneLoading sync enabled: 0
2026-05-04 12:42:47.102: [INFO] RecordSyncInitDuration has_sync_been_enabled: 0 state: 0
2026-05-04 12:42:47.843: [INFO] RecordSyncInitDuration has_sync_been_enabled: 0 state: 3
2026-05-04 12:42:47.845: [INFO] Primary account changed.
2026-05-04 12:42:47.845: [INFO] OnPrimaryAccountChanged PrimaryAccountChangeEvent::Type::kSet
2026-05-04 12:42:47.847: [INFO] RecordSyncInitDuration has_sync_been_enabled: 0 state: 3
2026-05-04 12:42:48.106: [INFO] RecordSyncInitDuration has_sync_been_enabled: 0 state: 3
