{"logTime": "0504/092314", "correlationVector":"zBi+sVW6ZarnZtj3lsfn7k.1","action":"SyncServerConnectionManagerRequest", "result":"SYNC_SERVER_OK", "context":{"environment":"Prod_southindia_prod-s01-004-apac-southindia", "migrationStage":"NotStarted", "server":"akswtt10400000h"}}
{"logTime": "0504/092314", "correlationVector":"zBi+sVW6ZarnZtj3lsfn7k.2","action":"ProcessGetUpdates", "result":"Done", "context":{"dataType":"Encryption Keys", "deleted":"0", "process_failed_to_decrypt":"0", "process_pending_decryption":"0", "process_success":"1", "total":"1"}}
{"logTime": "0504/092315", "correlationVector":"rKalMJka3cXCiwITpWzMu7","action":"SyncServerConnectionManagerRequest", "result":"SYNC_SERVER_OK", "context":{"environment":"", "migrationStage":"", "server":""}}
{"logTime": "0504/092315", "correlationVector":"rKalMJka3cXCiwITpWzMu7.0","action":"EncryptionKeysFetcher.DownloadKeys:", "result":"Success", "context":Key count: 1, Last key timestamp: 2026-05-04T09:23:15Z}
{"logTime": "0504/092315", "correlationVector":"rKalMJka3cXCiwITpWzMu7.1","action":"EncryptionKeysManager::SetEncryptionKeys:", "result":"Success", "context":Key names[1]:[cAV/p3TjPqpnixHUJlXJFUdZ+c4j7suPnLxjYC3DHyYZkWhlQB9CywJLBd/j5dy/vAiPvUcrjKbKwKkxrXKSxw==]}
{"logTime": "0504/092315", "correlationVector":"rKalMJka3cXCiwITpWzMu7.2","action":"EncryptionKeysManager::SetEncryptionKeysWithTimestamps:", "result":"Success", "context":Key timestamps[1]:[2026-05-04T09:23:15Z]}
{"logTime": "0504/092315", "correlationVector":"zBi+sVW6ZarnZtj3lsfn7k","action":"Initial GetUpdates", "result":"", "context":Reason: NEW_CLIENT. cV=zBi+sVW6ZarnZtj3lsfn7k}
{"logTime": "0504/092315", "correlationVector":"zBi+sVW6ZarnZtj3lsfn7k.3","action":"GetUpdates Response", "result":"Success", "context":Received 1 update(s). cV=zBi+sVW6ZarnZtj3lsfn7k.0;server=akswtt10400000h;cloudType=Consumer;environment=Prod_southindia_prod-s01-004-apac-southindia;migrationStage=NotStarted}
{"logTime": "0504/092315", "correlationVector":"en245OUpkHBeEsGhmz2Y1g","action":"Initial GetUpdates", "result":"", "context":Reason: NEW_CLIENT. cV=en245OUpkHBeEsGhmz2Y1g}
{"logTime": "0504/092316", "correlationVector":"en245OUpkHBeEsGhmz2Y1g.1","action":"SyncServerConnectionManagerRequest", "result":"SYNC_SERVER_OK", "context":{"environment":"Prod_southindia_prod-s01-004-apac-southindia", "migrationStage":"NotStarted", "server":"akswtt104000004"}}
{"logTime": "0504/092316", "correlationVector":"en245OUpkHBeEsGhmz2Y1g.2","action":"GetUpdates Response", "result":"Success", "context":Received 0 update(s). cV=en245OUpkHBeEsGhmz2Y1g.0;server=akswtt104000004;cloudType=Consumer;environment=Prod_southindia_prod-s01-004-apac-southindia;migrationStage=NotStarted}
{"logTime": "0504/092316", "correlationVector":"iFvpOdlck4tWFlqFTa0/sj","action":"Initial GetUpdates", "result":"", "context":Reason: NEW_CLIENT. cV=iFvpOdlck4tWFlqFTa0/sj}
{"logTime": "0504/092316", "correlationVector":"iFvpOdlck4tWFlqFTa0/sj.1","action":"SyncServerConnectionManagerRequest", "result":"SYNC_SERVER_OK", "context":{"environment":"Prod_southindia_prod-s01-004-apac-southindia", "migrationStage":"NotStarted", "server":"akswtt10400000r"}}
{"logTime": "0504/092316", "correlationVector":"iFvpOdlck4tWFlqFTa0/sj.2","action":"GetUpdates Response", "result":"Success", "context":Received 0 update(s). cV=iFvpOdlck4tWFlqFTa0/sj.0;server=akswtt10400000r;cloudType=Consumer;environment=Prod_southindia_prod-s01-004-apac-southindia;migrationStage=NotStarted}
{"logTime": "0504/092316", "correlationVector":"0b5bdopy9JpYLs0oTRm8Zt","action":"Normal GetUpdate request", "result":"", "context":cV=0b5bdopy9JpYLs0oTRm8Zt
Nudged types: Device Info, User Consents, Encryption Keys
Refresh requested types: Passwords, Extensions, Extension settings, Device Info, User Consents, Send Tab To Self, Web Apps, Saved Tab Group, WebAuthn Credentials, Encryption Keys}
{"logTime": "0504/092316", "correlationVector":"0b5bdopy9JpYLs0oTRm8Zt.1","action":"SyncServerConnectionManagerRequest", "result":"SYNC_SERVER_OK", "context":{"environment":"Prod_southindia_prod-s01-004-apac-southindia", "migrationStage":"NotStarted", "server":"akswtt10400000z"}}
{"logTime": "0504/092316", "correlationVector":"0b5bdopy9JpYLs0oTRm8Zt.2","action":"GetUpdates Response", "result":"Success", "context":Received 0 update(s). cV=0b5bdopy9JpYLs0oTRm8Zt.0;server=akswtt10400000z;cloudType=Consumer;environment=Prod_southindia_prod-s01-004-apac-southindia;migrationStage=NotStarted}
{"logTime": "0504/092316", "correlationVector":"9w4P7POpEqIr9TrbJIJVn6","action":"Commit Request", "result":"", "context":Item count: 1
Contributing types: Encryption Keys}
{"logTime": "0504/092316", "correlationVector":"9w4P7POpEqIr9TrbJIJVn6.1","action":"SyncServerConnectionManagerRequest", "result":"SYNC_SERVER_OK", "context":{"environment":"Prod_southindia_prod-s01-004-apac-southindia", "migrationStage":"NotStarted", "server":"akswtt10400000a"}}
{"logTime": "0504/092316", "correlationVector":"9w4P7POpEqIr9TrbJIJVn6.2","action":"Commit Response", "result":"Success", "context":Result: Success. cV=9w4P7POpEqIr9TrbJIJVn6.0;server=akswtt10400000a;cloudType=Consumer;environment=Prod_southindia_prod-s01-004-apac-southindia;migrationStage=NotStarted}
{"logTime": "0504/092316", "correlationVector":"Co8h7zjzNaPMB1+x1WvDYg","action":"Commit Request", "result":"", "context":Item count: 2
Contributing types: Device Info, User Consents}
