2026-05-04 09:21:46.990: [INFO][Sync] Reset engine, reason: 8
2026-05-04 09:21:46.990: [INFO][Sync] Stopped: Bookmarks
2026-05-04 09:21:46.990: [INFO][Sync] Stopped: Preferences
2026-05-04 09:21:46.990: [INFO][Sync] Stopped: Passwords
2026-05-04 09:21:46.990: [INFO][Sync] Stopped: Autofill Profiles
2026-05-04 09:21:46.990: [INFO][Sync] Stopped: Autofill
2026-05-04 09:21:46.990: [INFO][Sync] Stopped: Extensions
2026-05-04 09:21:46.990: [INFO][Sync] Stopped: Sessions
2026-05-04 09:21:46.990: [INFO][Sync] Stopped: Extension settings
2026-05-04 09:21:46.990: [INFO][Sync] Stopped: History Delete Directives
2026-05-04 09:21:46.990: [INFO][Sync] Stopped: Device Info
2026-05-04 09:21:46.990: [INFO][Sync] Stopped: User Consents
2026-05-04 09:21:46.990: [INFO][Sync] Stopped: Send Tab To Self
2026-05-04 09:21:46.990: [INFO][Sync] Stopped: Web Apps
2026-05-04 09:21:46.990: [INFO][Sync] Stopped: History
2026-05-04 09:21:46.990: [INFO][Sync] Stopped: Saved Tab Group
2026-05-04 09:21:46.990: [INFO][Sync] Stopped: WebAuthn Credentials
2026-05-04 09:21:46.990: [INFO][Sync] Stopped: Collection
2026-05-04 09:21:46.990: [INFO][Sync] Stopped: Edge E Drop
2026-05-04 09:21:46.990: [INFO][Sync] Stopped: Edge Hub App Usage
2026-05-04 09:21:46.990: [INFO][Sync] Stopped: Edge Wallet
2026-05-04 09:21:46.990: [INFO][Sync] SyncState after authenticated was: NotSignedIn
2026-05-04 09:21:47.120: [INFO][Sync] Reset engine, reason: 8
2026-05-04 09:21:47.120: [INFO][Sync] Stopped: Bookmarks
2026-05-04 09:21:47.120: [INFO][Sync] Stopped: Preferences
2026-05-04 09:21:47.120: [INFO][Sync] Stopped: Passwords
2026-05-04 09:21:47.120: [INFO][Sync] Stopped: Autofill Profiles
2026-05-04 09:21:47.120: [INFO][Sync] Stopped: Autofill
2026-05-04 09:21:47.120: [INFO][Sync] Stopped: Extensions
2026-05-04 09:21:47.120: [INFO][Sync] Stopped: Sessions
2026-05-04 09:21:47.120: [INFO][Sync] Stopped: Extension settings
2026-05-04 09:21:47.120: [INFO][Sync] Stopped: History Delete Directives
2026-05-04 09:21:47.120: [INFO][Sync] Stopped: Device Info
2026-05-04 09:21:47.120: [INFO][Sync] Stopped: User Consents
2026-05-04 09:21:47.120: [INFO][Sync] Stopped: Send Tab To Self
2026-05-04 09:21:47.120: [INFO][Sync] Stopped: Web Apps
2026-05-04 09:21:47.120: [INFO][Sync] Stopped: History
2026-05-04 09:21:47.120: [INFO][Sync] Stopped: Saved Tab Group
2026-05-04 09:21:47.120: [INFO][Sync] Stopped: WebAuthn Credentials
2026-05-04 09:21:47.120: [INFO][Sync] Stopped: Collection
2026-05-04 09:21:47.120: [INFO][Sync] Stopped: Edge E Drop
2026-05-04 09:21:47.120: [INFO][Sync] Stopped: Edge Hub App Usage
2026-05-04 09:21:47.120: [INFO][Sync] Stopped: Edge Wallet
2026-05-04 09:21:47.445: [INFO][Sync] Try to start sync engine
2026-05-04 09:21:47.448: [INFO][SyncManagerImpl::NudgeForInitialDownload] Initial download nudge for Encryption Keys
2026-05-04 09:21:47.448: [INFO][SyncEngineBackend::LoadAndConnectNigoriController] Load and connect Nigori controller
2026-05-04 09:21:47.448: [INFO][SyncEngineBackend::DoInitialize] Control Types added: Encryption Keys
2026-05-04 09:21:47.448: [INFO][SyncManagerImpl::ConfigureSyncer] Types to download: Encryption Keys with reason: 3
2026-05-04 09:21:47.450: [INFO][SyncSchedulerImpl::DoConfigurationSyncCycleJob] Configure job was blocked
2026-05-04 09:21:47.737: [INFO][SyncAuthManager::SetLastAuthError] Current auth error: None
2026-05-04 09:21:47.737: [INFO][SyncAuthManager::EdgeLogTokenErrorState] Token error with: None for account type: MSA
2026-05-04 09:21:47.737: [INFO][Sync] Credentials changed for: EdgeSyncScopeNew
2026-05-04 09:22:12.314: [INFO][Sync] SyncState after authenticated was: FeatureNotSetup
2026-05-04 09:22:12.497: [INFO][Sync] Try to start sync engine
2026-05-04 09:22:12.498: [INFO][SyncManagerImpl::NudgeForInitialDownload] Initial download nudge for Encryption Keys
2026-05-04 09:22:12.498: [INFO][SyncEngineBackend::LoadAndConnectNigoriController] Load and connect Nigori controller
2026-05-04 09:22:12.498: [INFO][SyncEngineBackend::DoInitialize] Control Types added: Encryption Keys
2026-05-04 09:22:12.498: [INFO][SyncManagerImpl::ConfigureSyncer] Types to download: Encryption Keys with reason: 3
2026-05-04 09:22:12.499: [INFO][SyncSchedulerImpl::DoConfigurationSyncCycleJob] Configure job was blocked
2026-05-04 09:22:12.779: [INFO][SyncAuthManager::SetLastAuthError] Current auth error: None
2026-05-04 09:22:12.779: [INFO][SyncAuthManager::EdgeLogTokenErrorState] Token error with: None for account type: MSA
2026-05-04 09:22:12.779: [INFO][Sync] Credentials changed for: EdgeSyncScopeNew
2026-05-04 09:22:15.493: [INFO][SyncAuthManager::SetLastAuthError] Current auth error: None
2026-05-04 09:22:15.493: [INFO][SyncAuthManager::EdgeLogTokenErrorState] Token error with: None for account type: MSA
2026-05-04 09:22:15.493: [INFO][Sync] Credentials changed for: EdgeSyncKeyDataScope
2026-05-04 09:22:15.493: [INFO][SyncEngineBackend::DoUpdateKeyDataCredentials] Update key data credentials
2026-05-04 09:22:15.493: [INFO][SyncEngineBackend::DoUpdateCredentials] Update credentials
2026-05-04 09:22:15.493: [INFO][SyncSchedulerImpl::DoConfigurationSyncCycleJob] Blocked types:  and types to download: Encryption Keys
2026-05-04 09:23:13.040: [INFO][Sync] SyncState after authenticated was: FeatureNotSetup
2026-05-04 09:23:13.155: [INFO][Sync] Try to start sync engine
2026-05-04 09:23:13.157: [INFO][SyncManagerImpl::NudgeForInitialDownload] Initial download nudge for Encryption Keys
2026-05-04 09:23:13.157: [INFO][SyncEngineBackend::LoadAndConnectNigoriController] Load and connect Nigori controller
2026-05-04 09:23:13.157: [INFO][SyncEngineBackend::DoInitialize] Control Types added: Encryption Keys
2026-05-04 09:23:13.157: [INFO][SyncManagerImpl::ConfigureSyncer] Types to download: Encryption Keys with reason: 3
2026-05-04 09:23:13.157: [INFO][SyncSchedulerImpl::DoConfigurationSyncCycleJob] Configure job was blocked
2026-05-04 09:23:13.299: [INFO][SyncAuthManager::SetLastAuthError] Current auth error: None
2026-05-04 09:23:13.299: [INFO][SyncAuthManager::EdgeLogTokenErrorState] Token error with: None for account type: MSA
2026-05-04 09:23:13.299: [INFO][Sync] Credentials changed for: EdgeSyncScopeNew
2026-05-04 09:23:14.545: [INFO][SyncAuthManager::SetLastAuthError] Current auth error: None
2026-05-04 09:23:14.545: [INFO][SyncAuthManager::EdgeLogTokenErrorState] Token error with: None for account type: MSA
2026-05-04 09:23:14.545: [INFO][Sync] Credentials changed for: EdgeSyncKeyDataScope
2026-05-04 09:23:14.545: [INFO][SyncEngineBackend::DoUpdateKeyDataCredentials] Update key data credentials
2026-05-04 09:23:14.545: [INFO][SyncEngineBackend::DoUpdateCredentials] Update credentials
2026-05-04 09:23:14.545: [INFO][SyncSchedulerImpl::DoConfigurationSyncCycleJob] Blocked types:  and types to download: Encryption Keys
2026-05-04 09:23:14.818: [INFO][Sync] Started DataTypeManager configuration, reason: 4
2026-05-04 09:23:14.818: [INFO][Sync] Configuring for: Passwords, Extensions, Extension settings, Device Info, User Consents, Send Tab To Self, Web Apps, Saved Tab Group, WebAuthn Credentials, Encryption Keys, reason: 3, current state: 0
2026-05-04 09:23:14.821: [INFO][Sync] Configure, desired: Passwords, Extensions, Extension settings, Device Info, User Consents, Send Tab To Self, Web Apps, Saved Tab Group, WebAuthn Credentials, Encryption Keys; Allow fail: 
2026-05-04 09:23:14.821: [INFO][Sync] Loading: Passwords
2026-05-04 09:23:14.821: [INFO][Sync] Loading: Extensions
2026-05-04 09:23:14.821: [INFO][Sync] Loading: Extension settings
2026-05-04 09:23:14.821: [INFO][Sync] Loading: Device Info
2026-05-04 09:23:14.821: [INFO][Sync] Loading: User Consents
2026-05-04 09:23:14.821: [INFO][Sync] Loading: Send Tab To Self
2026-05-04 09:23:14.821: [INFO][Sync] Loading: Web Apps
2026-05-04 09:23:14.821: [INFO][Sync] Loading: Saved Tab Group
2026-05-04 09:23:14.821: [INFO][Sync] Loading: WebAuthn Credentials
2026-05-04 09:23:14.824: [INFO][Sync] All data types are ready for configure.
2026-05-04 09:23:15.599: [INFO][SyncEngineBackend::DoStartConfiguration] Start configuration
2026-05-04 09:23:15.599: [INFO][SyncManagerImpl::NudgeForInitialDownload] Initial download nudge for Passwords
2026-05-04 09:23:15.599: [INFO][SyncManagerImpl::NudgeForInitialDownload] Initial download nudge for Extensions
2026-05-04 09:23:15.599: [INFO][SyncManagerImpl::NudgeForInitialDownload] Initial download nudge for Extension settings
2026-05-04 09:23:15.599: [INFO][SyncManagerImpl::NudgeForInitialDownload] Initial download nudge for Device Info
2026-05-04 09:23:15.599: [INFO][SyncManagerImpl::NudgeForInitialDownload] Initial download nudge for Send Tab To Self
2026-05-04 09:23:15.599: [INFO][SyncManagerImpl::NudgeForInitialDownload] Initial download nudge for Web Apps
2026-05-04 09:23:15.599: [INFO][SyncManagerImpl::NudgeForInitialDownload] Initial download nudge for Saved Tab Group
2026-05-04 09:23:15.599: [INFO][SyncManagerImpl::NudgeForInitialDownload] Initial download nudge for WebAuthn Credentials
2026-05-04 09:23:15.599: [INFO][SyncManagerImpl::ConfigureSyncer] Types to download:  with reason: 3
2026-05-04 09:23:15.599: [INFO][SyncEngineBackend::DoFinishConfigureDataTypes] Failed to download types:  and succeeded types: 
2026-05-04 09:23:15.600: [INFO][Sync] ConfigurationDone, failed: , succeeded: , remaining count: 2
2026-05-04 09:23:15.600: [INFO][Sync] Prepare to configure types: Passwords, Device Info, Send Tab To Self, Encryption Keys
2026-05-04 09:23:15.601: [INFO][SyncManagerImpl::ConfigureSyncer] Types to download: Passwords, Device Info, Send Tab To Self, Encryption Keys with reason: 3
2026-05-04 09:23:15.601: [INFO][SyncSchedulerImpl::DoConfigurationSyncCycleJob] Blocked types:  and types to download: Passwords, Device Info, Send Tab To Self, Encryption Keys
2026-05-04 09:23:16.212: [INFO][SyncEngineBackend::DoFinishConfigureDataTypes] Failed to download types:  and succeeded types: Passwords, Device Info, Send Tab To Self, Encryption Keys
2026-05-04 09:23:16.214: [INFO][Sync] ConfigurationDone, failed: , succeeded: Passwords, Device Info, Send Tab To Self, Encryption Keys, remaining count: 1
2026-05-04 09:23:16.218: [INFO][Sync] Prepare to configure types: Extensions, Extension settings, Web Apps, Saved Tab Group, WebAuthn Credentials, Encryption Keys
2026-05-04 09:23:16.218: [INFO][SyncManagerImpl::ConfigureSyncer] Types to download: Extensions, Extension settings, Web Apps, Saved Tab Group, WebAuthn Credentials, Encryption Keys with reason: 3
2026-05-04 09:23:16.218: [INFO][SyncSchedulerImpl::DoConfigurationSyncCycleJob] Blocked types:  and types to download: Extensions, Extension settings, Web Apps, Saved Tab Group, WebAuthn Credentials, Encryption Keys
2026-05-04 09:23:16.410: [INFO][SyncEngineBackend::DoFinishConfigureDataTypes] Failed to download types:  and succeeded types: Extensions, Extension settings, Web Apps, Saved Tab Group, WebAuthn Credentials, Encryption Keys
2026-05-04 09:23:16.410: [INFO][Sync] ConfigurationDone, failed: , succeeded: Extensions, Extension settings, Web Apps, Saved Tab Group, WebAuthn Credentials, Encryption Keys, remaining count: 0
2026-05-04 09:23:16.411: [INFO][Sync]     Configuration completed, state: 3
2026-05-04 09:23:16.411: [INFO][Sync] Configured DataTypeManager: Ok
2026-05-04 09:23:16.412: [INFO][SyncEngineBackend::DoStartSyncing] Start syncing
