{"logTime": "0504/123936", "correlationVector":"O3u4sLTAtCEaa++K/4DLwm.1","action":"SyncServerConnectionManagerRequest", "result":"SYNC_SERVER_OK", "context":{"environment":"Prod_southindia_prod-s01-004-apac-southindia", "migrationStage":"NotStarted", "server":"akswtt10400000m"}}
{"logTime": "0504/123936", "correlationVector":"O3u4sLTAtCEaa++K/4DLwm.2","action":"ProcessGetUpdates", "result":"Done", "context":{"dataType":"Encryption Keys", "deleted":"0", "process_failed_to_decrypt":"0", "process_pending_decryption":"0", "process_success":"1", "total":"1"}}
{"logTime": "0504/123936", "correlationVector":"t6J5Dfyj7881kg+IRr8qOX","action":"SyncServerConnectionManagerRequest", "result":"SYNC_SERVER_OK", "context":{"environment":"", "migrationStage":"", "server":""}}
{"logTime": "0504/123936", "correlationVector":"t6J5Dfyj7881kg+IRr8qOX.0","action":"EncryptionKeysFetcher.DownloadKeys:", "result":"Success", "context":Key count: 1, Last key timestamp: 2026-05-04T09:23:15Z}
{"logTime": "0504/123936", "correlationVector":"t6J5Dfyj7881kg+IRr8qOX.1","action":"EncryptionKeysManager::SetEncryptionKeys:", "result":"Success", "context":Key names[1]:[cAV/p3TjPqpnixHUJlXJFUdZ+c4j7suPnLxjYC3DHyYZkWhlQB9CywJLBd/j5dy/vAiPvUcrjKbKwKkxrXKSxw==]}
{"logTime": "0504/123936", "correlationVector":"t6J5Dfyj7881kg+IRr8qOX.2","action":"EncryptionKeysManager::SetEncryptionKeysWithTimestamps:", "result":"Success", "context":Key timestamps[1]:[2026-05-04T09:23:15Z]}
{"logTime": "0504/123936", "correlationVector":"O3u4sLTAtCEaa++K/4DLwm","action":"Initial GetUpdates", "result":"", "context":Reason: NEW_CLIENT. cV=O3u4sLTAtCEaa++K/4DLwm}
{"logTime": "0504/123936", "correlationVector":"O3u4sLTAtCEaa++K/4DLwm.3","action":"GetUpdates Response", "result":"Success", "context":Received 1 update(s). cV=O3u4sLTAtCEaa++K/4DLwm.0;server=akswtt10400000m;cloudType=Consumer;environment=Prod_southindia_prod-s01-004-apac-southindia;migrationStage=NotStarted}
{"logTime": "0504/123936", "correlationVector":"dD3fP62UtJiNvAr33wLU29","action":"Initial GetUpdates", "result":"", "context":Reason: NEWLY_SUPPORTED_DATATYPE. cV=dD3fP62UtJiNvAr33wLU29}
{"logTime": "0504/123936", "correlationVector":"dD3fP62UtJiNvAr33wLU29.1","action":"SyncServerConnectionManagerRequest", "result":"SYNC_SERVER_OK", "context":{"environment":"Prod_southindia_prod-s01-004-apac-southindia", "migrationStage":"NotStarted", "server":"akswtt10400000q"}}
{"logTime": "0504/123936", "correlationVector":"dD3fP62UtJiNvAr33wLU29.2","action":"ProcessGetUpdates", "result":"Done", "context":{"dataType":"Device Info", "deleted":"0", "process_failed_to_decrypt":"0", "process_pending_decryption":"0", "process_success":"1", "total":"1"}}
{"logTime": "0504/123936", "correlationVector":"dD3fP62UtJiNvAr33wLU29.3","action":"GetUpdates Response", "result":"Success", "context":Received 1 update(s). cV=dD3fP62UtJiNvAr33wLU29.0;server=akswtt10400000q;cloudType=Consumer;environment=Prod_southindia_prod-s01-004-apac-southindia;migrationStage=NotStarted}
{"logTime": "0504/123936", "correlationVector":"mrkPQsdBcSn23GcQ5K2UFi","action":"Initial GetUpdates", "result":"", "context":Reason: NEWLY_SUPPORTED_DATATYPE. cV=mrkPQsdBcSn23GcQ5K2UFi}
{"logTime": "0504/123937", "correlationVector":"mrkPQsdBcSn23GcQ5K2UFi.1","action":"SyncServerConnectionManagerRequest", "result":"SYNC_SERVER_OK", "context":{"environment":"Prod_southindia_prod-s01-004-apac-southindia", "migrationStage":"NotStarted", "server":"akswtt10400000v"}}
{"logTime": "0504/123937", "correlationVector":"mrkPQsdBcSn23GcQ5K2UFi.2","action":"ProcessGetUpdates", "result":"Done", "context":{"dataType":"Bookmarks", "deleted":"0", "process_failed_to_decrypt":"0", "process_pending_decryption":"0", "process_success":"6", "total":"6"}}
{"logTime": "0504/123937", "correlationVector":"mrkPQsdBcSn23GcQ5K2UFi.3","action":"GetUpdates Response", "result":"Success", "context":Received 6 update(s). cV=mrkPQsdBcSn23GcQ5K2UFi.0;server=akswtt10400000v;cloudType=Consumer;environment=Prod_southindia_prod-s01-004-apac-southindia;migrationStage=NotStarted}
{"logTime": "0504/123937", "correlationVector":"mxUe7MsuBstF+OEyvD+i2N","action":"Initial GetUpdates", "result":"", "context":Reason: NEWLY_SUPPORTED_DATATYPE. cV=mxUe7MsuBstF+OEyvD+i2N}
{"logTime": "0504/123937", "correlationVector":"mxUe7MsuBstF+OEyvD+i2N.1","action":"SyncServerConnectionManagerRequest", "result":"SYNC_SERVER_OK", "context":{"environment":"Prod_southindia_prod-s01-004-apac-southindia", "migrationStage":"NotStarted", "server":"akswtt10400000z"}}
{"logTime": "0504/123937", "correlationVector":"mxUe7MsuBstF+OEyvD+i2N.2","action":"ProcessGetUpdates", "result":"Done", "context":{"dataType":"Autofill", "deleted":"0", "process_failed_to_decrypt":"0", "process_pending_decryption":"0", "process_success":"1", "total":"1"}}
{"logTime": "0504/123937", "correlationVector":"mxUe7MsuBstF+OEyvD+i2N.3","action":"GetUpdates Response", "result":"Success", "context":Received 1 update(s). cV=mxUe7MsuBstF+OEyvD+i2N.0;server=akswtt10400000z;cloudType=Consumer;environment=Prod_southindia_prod-s01-004-apac-southindia;migrationStage=NotStarted}
{"logTime": "0504/123937", "correlationVector":"EBz8VqTAsMVipJz1sGVvor","action":"Initial GetUpdates", "result":"", "context":Reason: NEWLY_SUPPORTED_DATATYPE. cV=EBz8VqTAsMVipJz1sGVvor}
{"logTime": "0504/123937", "correlationVector":"EBz8VqTAsMVipJz1sGVvor.1","action":"SyncServerConnectionManagerRequest", "result":"SYNC_SERVER_OK", "context":{"environment":"Prod_southindia_prod-s01-004-apac-southindia", "migrationStage":"NotStarted", "server":"akswtt104000015"}}
{"logTime": "0504/123937", "correlationVector":"EBz8VqTAsMVipJz1sGVvor.2","action":"GetUpdates Response", "result":"Success", "context":Received 0 update(s). cV=EBz8VqTAsMVipJz1sGVvor.0;server=akswtt104000015;cloudType=Consumer;environment=Prod_southindia_prod-s01-004-apac-southindia;migrationStage=NotStarted}
{"logTime": "0504/123937", "correlationVector":"uSw1C1+Xx7TCbeYYmIGUTF","action":"Normal GetUpdate request", "result":"", "context":cV=uSw1C1+Xx7TCbeYYmIGUTF
Nudged types: Preferences, Sessions, Device Info, User Consents
Refresh requested types: Bookmarks, Preferences, Passwords, Autofill Profiles, Autofill, Extensions, Sessions, Extension settings, History Delete Directives, Device Info, User Consents, Send Tab To Self, Web Apps, History, Saved Tab Group, WebAuthn Credentials, Collection, Edge E Drop, Edge Hub App Usage, Edge Wallet, Encryption Keys}
{"logTime": "0504/123937", "correlationVector":"uSw1C1+Xx7TCbeYYmIGUTF.1","action":"SyncServerConnectionManagerRequest", "result":"SYNC_SERVER_OK", "context":{"environment":"Prod_southindia_prod-s01-004-apac-southindia", "migrationStage":"NotStarted", "server":"akswtt10400000m"}}
{"logTime": "0504/123937", "correlationVector":"uSw1C1+Xx7TCbeYYmIGUTF.2","action":"GetUpdates Response", "result":"Success", "context":Received 0 update(s). cV=uSw1C1+Xx7TCbeYYmIGUTF.0;server=akswtt10400000m;cloudType=Consumer;environment=Prod_southindia_prod-s01-004-apac-southindia;migrationStage=NotStarted}
{"logTime": "0504/123937", "correlationVector":"B4ytl9cBWD7cKpZzCB0447","action":"Commit Request", "result":"", "context":Item count: 21
Contributing types: Preferences, Sessions, Device Info, User Consents}
{"logTime": "0504/123938", "correlationVector":"B4ytl9cBWD7cKpZzCB0447.1","action":"SyncServerConnectionManagerRequest", "result":"SYNC_SERVER_OK", "context":{"environment":"Prod_southindia_prod-s01-004-apac-southindia", "migrationStage":"NotStarted", "server":"akswtt10400000v"}}
{"logTime": "0504/123938", "correlationVector":"B4ytl9cBWD7cKpZzCB0447.2","action":"Commit Response", "result":"Success", "context":Result: Success. cV=B4ytl9cBWD7cKpZzCB0447.0;server=akswtt10400000v;cloudType=Consumer;environment=Prod_southindia_prod-s01-004-apac-southindia;migrationStage=NotStarted}
{"logTime": "0504/123938", "correlationVector":"rPcxT1y9MnFklZB+w2l1NN","action":"Commit Request", "result":"", "context":Item count: 1
Contributing types: Preferences}
{"logTime": "0504/123939", "correlationVector":"rPcxT1y9MnFklZB+w2l1NN.1","action":"SyncServerConnectionManagerRequest", "result":"SYNC_SERVER_OK", "context":{"environment":"Prod_southindia_prod-s01-004-apac-southindia", "migrationStage":"NotStarted", "server":"akswtt104000015"}}
{"logTime": "0504/123939", "correlationVector":"rPcxT1y9MnFklZB+w2l1NN.2","action":"Commit Response", "result":"Success", "context":Result: Success. cV=rPcxT1y9MnFklZB+w2l1NN.0;server=akswtt104000015;cloudType=Consumer;environment=Prod_southindia_prod-s01-004-apac-southindia;migrationStage=NotStarted}
{"logTime": "0504/123942", "correlationVector":"bc1RDQl+SITykpbvLgI4Lu","action":"Commit Request", "result":"", "context":Item count: 1
Contributing types: Preferences}
{"logTime": "0504/123942", "correlationVector":"bc1RDQl+SITykpbvLgI4Lu.1","action":"SyncServerConnectionManagerRequest", "result":"SYNC_SERVER_OK", "context":{"environment":"Prod_southindia_prod-s01-004-apac-southindia", "migrationStage":"NotStarted", "server":"akswtt10400000v"}}
{"logTime": "0504/123942", "correlationVector":"bc1RDQl+SITykpbvLgI4Lu.2","action":"Commit Response", "result":"Success", "context":Result: Success. cV=bc1RDQl+SITykpbvLgI4Lu.0;server=akswtt10400000v;cloudType=Consumer;environment=Prod_southindia_prod-s01-004-apac-southindia;migrationStage=NotStarted}
{"logTime": "0504/124000", "correlationVector":"gfUsJYFc/2e+Bq1P3hDe9o","action":"Commit Request", "result":"", "context":Item count: 2
Contributing types: Preferences}
{"logTime": "0504/124000", "correlationVector":"gfUsJYFc/2e+Bq1P3hDe9o.1","action":"SyncServerConnectionManagerRequest", "result":"SYNC_SERVER_OK", "context":{"environment":"Prod_southindia_prod-s01-004-apac-southindia", "migrationStage":"NotStarted", "server":"akswtt10400000m"}}
{"logTime": "0504/124000", "correlationVector":"gfUsJYFc/2e+Bq1P3hDe9o.2","action":"Commit Response", "result":"Success", "context":Result: Success. cV=gfUsJYFc/2e+Bq1P3hDe9o.0;server=akswtt10400000m;cloudType=Consumer;environment=Prod_southindia_prod-s01-004-apac-southindia;migrationStage=NotStarted}
